// Jest Snapshot v1, https://goo.gl/fbAQLP

exports[`renders without crashing 1`] = `
<DocumentFragment>
  <header>
    <span
      class="back"
    >
      Back
    </span>
  </header>
  <div
    class="App"
  >
    <div
      class="story"
    >
      <h1>
        Finding Falcone
      </h1>
      <div
        class="storyboard"
      >
        <img
          alt="Falcon"
          src="https://res.cloudinary.com/dmmb5w7sm/image/upload/v1552746277/falcon.png"
        />
        <div
          id="storyboard-text"
        >
          In the planet of Lengaburu...in the distant distant galaxy of Tara B. After the recent war with neighbouring planet Falicornia, King Shan has exiled the Queen of Falicornia for 15 years.
          <br />
          <hr />
          Queen Al Falcone is now in hiding. But if King Shan can find her before the years are up, she will be exiled for another 15 years....
        </div>
        <a
          href="/planets"
          id="nav"
        >
          Where she at?
        </a>
      </div>
    </div>
  </div>
  <footer
    data-testid="marquee-text"
  >
    <span
      class="marquee"
    >
      Long Live The King of Lengaburu!
    </span>
  </footer>
</DocumentFragment>
`;
